../Drivers/CMSIS/Include/core_cm4.h:1816:22:__NVIC_SetPriority	16	static
../Core/Src/main.c:89:5:main	8	static
../Core/Src/main.c:140:6:SystemClock_Config	88	static
../Core/Src/main.c:182:13:MX_USART2_UART_Init	8	static
../Core/Src/main.c:215:13:MX_GPIO_Init	16	static
../Core/Src/main.c:229:6:Voltage_Measurement	24	static
../Core/Src/main.c:240:6:Current_Measurement	32	static
../Core/Src/main.c:252:10:adc_rx	16	static
../Core/Src/main.c:260:10:read_adc	24	static
../Core/Src/main.c:276:5:adc_check	16	static
../Core/Src/main.c:284:6:Toggle_all_LEDs	4	static
../Core/Src/main.c:292:6:adc_init	8	static
../Core/Src/main.c:319:6:DelayMS	24	static
../Core/Src/main.c:328:6:SysTick_Init	16	static
../Core/Src/main.c:347:6:LED_init	4	static
../Core/Src/main.c:356:6:UART2_Init	4	static
../Core/Src/main.c:371:6:SysTick_Handler	4	static
../Core/Src/main.c:380:6:printTimestamp	8	static
../Core/Src/main.c:385:6:UART_Tx	16	static,ignoring_inline_asm
../Core/Src/main.c:393:6:UART_Rx	16	static,ignoring_inline_asm
../Core/Src/main.c:413:6:Error_Handler	4	static,ignoring_inline_asm
